neep font from sudo apt install xfonts-jmk
i3-gaps
vim
compton
git
xrandr
zathura
polybar
